20:46:16 **** Build of configuration Debug for project ADC_Single_Conv ****
make -j8 all 
arm-none-eabi-gcc -c "D:/test/STM32TrainingExamples/Drivers/STM32F0xx_HAL_Driver/Src/stm32f0xx_hal.c" -mcpu=cortex-m0 -std=gnu11 -g3 '-D__weak=__attribute__((weak))' '-D__packed=__attribute__((__packed__))' -DUSE_HAL_DRIVER -DSTM32F070xB -c -I../../../../../Drivers/STM32F0xx_HAL_Driver/Inc -I../../../../../Drivers/CMSIS/Device/ST/STM32F0xx/Include -I../../../../../Drivers/CMSIS/Include -I../../../../../Drivers/STM32F0xx_HAL_Driver/Inc/Legacy -I../../../../Inc -Os -ffunction-sections -fdata-sections -Wall -fstack-usage -MMD -MP -MF"Drivers/STM32F0xx_HAL_Driver/stm32f0xx_hal.d" -MT"Drivers/STM32F0xx_HAL_Driver/stm32f0xx_hal.o" --specs=nano.specs -mfloat-abi=soft -mthumb -o "Drivers/STM32F0xx_HAL_Driver/stm32f0xx_hal.o"
arm-none-eabi-gcc -c "D:/test/STM32TrainingExamples/Drivers/STM32F0xx_HAL_Driver/Src/stm32f0xx_hal_adc.c" -mcpu=cortex-m0 -std=gnu11 -g3 '-D__weak=__attribute__((weak))' '-D__packed=__attribute__((__packed__))' -DUSE_HAL_DRIVER -DSTM32F070xB -c -I../../../../../Drivers/STM32F0xx_HAL_Driver/Inc -I../../../../../Drivers/CMSIS/Device/ST/STM32F0xx/Include -I../../../../../Drivers/CMSIS/Include -I../../../../../Drivers/STM32F0xx_HAL_Driver/Inc/Legacy -I../../../../Inc -Os -ffunction-sections -fdata-sections -Wall -fstack-usage -MMD -MP -MF"Drivers/STM32F0xx_HAL_Driver/stm32f0xx_hal_adc.d" -MT"Drivers/STM32F0xx_HAL_Driver/stm32f0xx_hal_adc.o" --specs=nano.specs -mfloat-abi=soft -mthumb -o "Drivers/STM32F0xx_HAL_Driver/stm32f0xx_hal_adc.o"
arm-none-eabi-gcc -c "D:/test/STM32TrainingExamples/Drivers/STM32F0xx_HAL_Driver/Src/stm32f0xx_hal_adc_ex.c" -mcpu=cortex-m0 -std=gnu11 -g3 '-D__weak=__attribute__((weak))' '-D__packed=__attribute__((__packed__))' -DUSE_HAL_DRIVER -DSTM32F070xB -c -I../../../../../Drivers/STM32F0xx_HAL_Driver/Inc -I../../../../../Drivers/CMSIS/Device/ST/STM32F0xx/Include -I../../../../../Drivers/CMSIS/Include -I../../../../../Drivers/STM32F0xx_HAL_Driver/Inc/Legacy -I../../../../Inc -Os -ffunction-sections -fdata-sections -Wall -fstack-usage -MMD -MP -MF"Drivers/STM32F0xx_HAL_Driver/stm32f0xx_hal_adc_ex.d" -MT"Drivers/STM32F0xx_HAL_Driver/stm32f0xx_hal_adc_ex.o" --specs=nano.specs -mfloat-abi=soft -mthumb -o "Drivers/STM32F0xx_HAL_Driver/stm32f0xx_hal_adc_ex.o"
arm-none-eabi-gcc -c "D:/test/STM32TrainingExamples/Drivers/STM32F0xx_HAL_Driver/Src/stm32f0xx_hal_cortex.c" -mcpu=cortex-m0 -std=gnu11 -g3 '-D__weak=__attribute__((weak))' '-D__packed=__attribute__((__packed__))' -DUSE_HAL_DRIVER -DSTM32F070xB -c -I../../../../../Drivers/STM32F0xx_HAL_Driver/Inc -I../../../../../Drivers/CMSIS/Device/ST/STM32F0xx/Include -I../../../../../Drivers/CMSIS/Include -I../../../../../Drivers/STM32F0xx_HAL_Driver/Inc/Legacy -I../../../../Inc -Os -ffunction-sections -fdata-sections -Wall -fstack-usage -MMD -MP -MF"Drivers/STM32F0xx_HAL_Driver/stm32f0xx_hal_cortex.d" -MT"Drivers/STM32F0xx_HAL_Driver/stm32f0xx_hal_cortex.o" --specs=nano.specs -mfloat-abi=soft -mthumb -o "Drivers/STM32F0xx_HAL_Driver/stm32f0xx_hal_cortex.o"
arm-none-eabi-gcc -c "D:/test/STM32TrainingExamples/Drivers/STM32F0xx_HAL_Driver/Src/stm32f0xx_hal_dma.c" -mcpu=cortex-m0 -std=gnu11 -g3 '-D__weak=__attribute__((weak))' '-D__packed=__attribute__((__packed__))' -DUSE_HAL_DRIVER -DSTM32F070xB -c -I../../../../../Drivers/STM32F0xx_HAL_Driver/Inc -I../../../../../Drivers/CMSIS/Device/ST/STM32F0xx/Include -I../../../../../Drivers/CMSIS/Include -I../../../../../Drivers/STM32F0xx_HAL_Driver/Inc/Legacy -I../../../../Inc -Os -ffunction-sections -fdata-sections -Wall -fstack-usage -MMD -MP -MF"Drivers/STM32F0xx_HAL_Driver/stm32f0xx_hal_dma.d" -MT"Drivers/STM32F0xx_HAL_Driver/stm32f0xx_hal_dma.o" --specs=nano.specs -mfloat-abi=soft -mthumb -o "Drivers/STM32F0xx_HAL_Driver/stm32f0xx_hal_dma.o"
arm-none-eabi-gcc -c "D:/test/STM32TrainingExamples/Drivers/STM32F0xx_HAL_Driver/Src/stm32f0xx_hal_flash.c" -mcpu=cortex-m0 -std=gnu11 -g3 '-D__weak=__attribute__((weak))' '-D__packed=__attribute__((__packed__))' -DUSE_HAL_DRIVER -DSTM32F070xB -c -I../../../../../Drivers/STM32F0xx_HAL_Driver/Inc -I../../../../../Drivers/CMSIS/Device/ST/STM32F0xx/Include -I../../../../../Drivers/CMSIS/Include -I../../../../../Drivers/STM32F0xx_HAL_Driver/Inc/Legacy -I../../../../Inc -Os -ffunction-sections -fdata-sections -Wall -fstack-usage -MMD -MP -MF"Drivers/STM32F0xx_HAL_Driver/stm32f0xx_hal_flash.d" -MT"Drivers/STM32F0xx_HAL_Driver/stm32f0xx_hal_flash.o" --specs=nano.specs -mfloat-abi=soft -mthumb -o "Drivers/STM32F0xx_HAL_Driver/stm32f0xx_hal_flash.o"
arm-none-eabi-gcc -c "D:/test/STM32TrainingExamples/Drivers/STM32F0xx_HAL_Driver/Src/stm32f0xx_hal_flash_ex.c" -mcpu=cortex-m0 -std=gnu11 -g3 '-D__weak=__attribute__((weak))' '-D__packed=__attribute__((__packed__))' -DUSE_HAL_DRIVER -DSTM32F070xB -c -I../../../../../Drivers/STM32F0xx_HAL_Driver/Inc -I../../../../../Drivers/CMSIS/Device/ST/STM32F0xx/Include -I../../../../../Drivers/CMSIS/Include -I../../../../../Drivers/STM32F0xx_HAL_Driver/Inc/Legacy -I../../../../Inc -Os -ffunction-sections -fdata-sections -Wall -fstack-usage -MMD -MP -MF"Drivers/STM32F0xx_HAL_Driver/stm32f0xx_hal_flash_ex.d" -MT"Drivers/STM32F0xx_HAL_Driver/stm32f0xx_hal_flash_ex.o" --specs=nano.specs -mfloat-abi=soft -mthumb -o "Drivers/STM32F0xx_HAL_Driver/stm32f0xx_hal_flash_ex.o"
arm-none-eabi-gcc -c "D:/test/STM32TrainingExamples/Drivers/STM32F0xx_HAL_Driver/Src/stm32f0xx_hal_gpio.c" -mcpu=cortex-m0 -std=gnu11 -g3 '-D__weak=__attribute__((weak))' '-D__packed=__attribute__((__packed__))' -DUSE_HAL_DRIVER -DSTM32F070xB -c -I../../../../../Drivers/STM32F0xx_HAL_Driver/Inc -I../../../../../Drivers/CMSIS/Device/ST/STM32F0xx/Include -I../../../../../Drivers/CMSIS/Include -I../../../../../Drivers/STM32F0xx_HAL_Driver/Inc/Legacy -I../../../../Inc -Os -ffunction-sections -fdata-sections -Wall -fstack-usage -MMD -MP -MF"Drivers/STM32F0xx_HAL_Driver/stm32f0xx_hal_gpio.d" -MT"Drivers/STM32F0xx_HAL_Driver/stm32f0xx_hal_gpio.o" --specs=nano.specs -mfloat-abi=soft -mthumb -o "Drivers/STM32F0xx_HAL_Driver/stm32f0xx_hal_gpio.o"
arm-none-eabi-gcc -c "D:/test/STM32TrainingExamples/Drivers/STM32F0xx_HAL_Driver/Src/stm32f0xx_hal_i2c.c" -mcpu=cortex-m0 -std=gnu11 -g3 '-D__weak=__attribute__((weak))' '-D__packed=__attribute__((__packed__))' -DUSE_HAL_DRIVER -DSTM32F070xB -c -I../../../../../Drivers/STM32F0xx_HAL_Driver/Inc -I../../../../../Drivers/CMSIS/Device/ST/STM32F0xx/Include -I../../../../../Drivers/CMSIS/Include -I../../../../../Drivers/STM32F0xx_HAL_Driver/Inc/Legacy -I../../../../Inc -Os -ffunction-sections -fdata-sections -Wall -fstack-usage -MMD -MP -MF"Drivers/STM32F0xx_HAL_Driver/stm32f0xx_hal_i2c.d" -MT"Drivers/STM32F0xx_HAL_Driver/stm32f0xx_hal_i2c.o" --specs=nano.specs -mfloat-abi=soft -mthumb -o "Drivers/STM32F0xx_HAL_Driver/stm32f0xx_hal_i2c.o"
arm-none-eabi-gcc -c "D:/test/STM32TrainingExamples/Drivers/STM32F0xx_HAL_Driver/Src/stm32f0xx_hal_i2c_ex.c" -mcpu=cortex-m0 -std=gnu11 -g3 '-D__weak=__attribute__((weak))' '-D__packed=__attribute__((__packed__))' -DUSE_HAL_DRIVER -DSTM32F070xB -c -I../../../../../Drivers/STM32F0xx_HAL_Driver/Inc -I../../../../../Drivers/CMSIS/Device/ST/STM32F0xx/Include -I../../../../../Drivers/CMSIS/Include -I../../../../../Drivers/STM32F0xx_HAL_Driver/Inc/Legacy -I../../../../Inc -Os -ffunction-sections -fdata-sections -Wall -fstack-usage -MMD -MP -MF"Drivers/STM32F0xx_HAL_Driver/stm32f0xx_hal_i2c_ex.d" -MT"Drivers/STM32F0xx_HAL_Driver/stm32f0xx_hal_i2c_ex.o" --specs=nano.specs -mfloat-abi=soft -mthumb -o "Drivers/STM32F0xx_HAL_Driver/stm32f0xx_hal_i2c_ex.o"
arm-none-eabi-gcc -c "D:/test/STM32TrainingExamples/Drivers/STM32F0xx_HAL_Driver/Src/stm32f0xx_hal_pwr.c" -mcpu=cortex-m0 -std=gnu11 -g3 '-D__weak=__attribute__((weak))' '-D__packed=__attribute__((__packed__))' -DUSE_HAL_DRIVER -DSTM32F070xB -c -I../../../../../Drivers/STM32F0xx_HAL_Driver/Inc -I../../../../../Drivers/CMSIS/Device/ST/STM32F0xx/Include -I../../../../../Drivers/CMSIS/Include -I../../../../../Drivers/STM32F0xx_HAL_Driver/Inc/Legacy -I../../../../Inc -Os -ffunction-sections -fdata-sections -Wall -fstack-usage -MMD -MP -MF"Drivers/STM32F0xx_HAL_Driver/stm32f0xx_hal_pwr.d" -MT"Drivers/STM32F0xx_HAL_Driver/stm32f0xx_hal_pwr.o" --specs=nano.specs -mfloat-abi=soft -mthumb -o "Drivers/STM32F0xx_HAL_Driver/stm32f0xx_hal_pwr.o"
arm-none-eabi-gcc -c "D:/test/STM32TrainingExamples/Drivers/STM32F0xx_HAL_Driver/Src/stm32f0xx_hal_pwr_ex.c" -mcpu=cortex-m0 -std=gnu11 -g3 '-D__weak=__attribute__((weak))' '-D__packed=__attribute__((__packed__))' -DUSE_HAL_DRIVER -DSTM32F070xB -c -I../../../../../Drivers/STM32F0xx_HAL_Driver/Inc -I../../../../../Drivers/CMSIS/Device/ST/STM32F0xx/Include -I../../../../../Drivers/CMSIS/Include -I../../../../../Drivers/STM32F0xx_HAL_Driver/Inc/Legacy -I../../../../Inc -Os -ffunction-sections -fdata-sections -Wall -fstack-usage -MMD -MP -MF"Drivers/STM32F0xx_HAL_Driver/stm32f0xx_hal_pwr_ex.d" -MT"Drivers/STM32F0xx_HAL_Driver/stm32f0xx_hal_pwr_ex.o" --specs=nano.specs -mfloat-abi=soft -mthumb -o "Drivers/STM32F0xx_HAL_Driver/stm32f0xx_hal_pwr_ex.o"
arm-none-eabi-gcc -c "D:/test/STM32TrainingExamples/Drivers/STM32F0xx_HAL_Driver/Src/stm32f0xx_hal_rcc.c" -mcpu=cortex-m0 -std=gnu11 -g3 '-D__weak=__attribute__((weak))' '-D__packed=__attribute__((__packed__))' -DUSE_HAL_DRIVER -DSTM32F070xB -c -I../../../../../Drivers/STM32F0xx_HAL_Driver/Inc -I../../../../../Drivers/CMSIS/Device/ST/STM32F0xx/Include -I../../../../../Drivers/CMSIS/Include -I../../../../../Drivers/STM32F0xx_HAL_Driver/Inc/Legacy -I../../../../Inc -Os -ffunction-sections -fdata-sections -Wall -fstack-usage -MMD -MP -MF"Drivers/STM32F0xx_HAL_Driver/stm32f0xx_hal_rcc.d" -MT"Drivers/STM32F0xx_HAL_Driver/stm32f0xx_hal_rcc.o" --specs=nano.specs -mfloat-abi=soft -mthumb -o "Drivers/STM32F0xx_HAL_Driver/stm32f0xx_hal_rcc.o"
arm-none-eabi-gcc -c "D:/test/STM32TrainingExamples/Drivers/STM32F0xx_HAL_Driver/Src/stm32f0xx_hal_rcc_ex.c" -mcpu=cortex-m0 -std=gnu11 -g3 '-D__weak=__attribute__((weak))' '-D__packed=__attribute__((__packed__))' -DUSE_HAL_DRIVER -DSTM32F070xB -c -I../../../../../Drivers/STM32F0xx_HAL_Driver/Inc -I../../../../../Drivers/CMSIS/Device/ST/STM32F0xx/Include -I../../../../../Drivers/CMSIS/Include -I../../../../../Drivers/STM32F0xx_HAL_Driver/Inc/Legacy -I../../../../Inc -Os -ffunction-sections -fdata-sections -Wall -fstack-usage -MMD -MP -MF"Drivers/STM32F0xx_HAL_Driver/stm32f0xx_hal_rcc_ex.d" -MT"Drivers/STM32F0xx_HAL_Driver/stm32f0xx_hal_rcc_ex.o" --specs=nano.specs -mfloat-abi=soft -mthumb -o "Drivers/STM32F0xx_HAL_Driver/stm32f0xx_hal_rcc_ex.o"
arm-none-eabi-gcc -c "D:/test/STM32TrainingExamples/Drivers/STM32F0xx_HAL_Driver/Src/stm32f0xx_hal_tim.c" -mcpu=cortex-m0 -std=gnu11 -g3 '-D__weak=__attribute__((weak))' '-D__packed=__attribute__((__packed__))' -DUSE_HAL_DRIVER -DSTM32F070xB -c -I../../../../../Drivers/STM32F0xx_HAL_Driver/Inc -I../../../../../Drivers/CMSIS/Device/ST/STM32F0xx/Include -I../../../../../Drivers/CMSIS/Include -I../../../../../Drivers/STM32F0xx_HAL_Driver/Inc/Legacy -I../../../../Inc -Os -ffunction-sections -fdata-sections -Wall -fstack-usage -MMD -MP -MF"Drivers/STM32F0xx_HAL_Driver/stm32f0xx_hal_tim.d" -MT"Drivers/STM32F0xx_HAL_Driver/stm32f0xx_hal_tim.o" --specs=nano.specs -mfloat-abi=soft -mthumb -o "Drivers/STM32F0xx_HAL_Driver/stm32f0xx_hal_tim.o"
arm-none-eabi-gcc -c "D:/test/STM32TrainingExamples/Drivers/STM32F0xx_HAL_Driver/Src/stm32f0xx_hal_tim_ex.c" -mcpu=cortex-m0 -std=gnu11 -g3 '-D__weak=__attribute__((weak))' '-D__packed=__attribute__((__packed__))' -DUSE_HAL_DRIVER -DSTM32F070xB -c -I../../../../../Drivers/STM32F0xx_HAL_Driver/Inc -I../../../../../Drivers/CMSIS/Device/ST/STM32F0xx/Include -I../../../../../Drivers/CMSIS/Include -I../../../../../Drivers/STM32F0xx_HAL_Driver/Inc/Legacy -I../../../../Inc -Os -ffunction-sections -fdata-sections -Wall -fstack-usage -MMD -MP -MF"Drivers/STM32F0xx_HAL_Driver/stm32f0xx_hal_tim_ex.d" -MT"Drivers/STM32F0xx_HAL_Driver/stm32f0xx_hal_tim_ex.o" --specs=nano.specs -mfloat-abi=soft -mthumb -o "Drivers/STM32F0xx_HAL_Driver/stm32f0xx_hal_tim_ex.o"
arm-none-eabi-gcc -c "D:/test/STM32TrainingExamples/Drivers/STM32F0xx_HAL_Driver/Src/stm32f0xx_hal_uart.c" -mcpu=cortex-m0 -std=gnu11 -g3 '-D__weak=__attribute__((weak))' '-D__packed=__attribute__((__packed__))' -DUSE_HAL_DRIVER -DSTM32F070xB -c -I../../../../../Drivers/STM32F0xx_HAL_Driver/Inc -I../../../../../Drivers/CMSIS/Device/ST/STM32F0xx/Include -I../../../../../Drivers/CMSIS/Include -I../../../../../Drivers/STM32F0xx_HAL_Driver/Inc/Legacy -I../../../../Inc -Os -ffunction-sections -fdata-sections -Wall -fstack-usage -MMD -MP -MF"Drivers/STM32F0xx_HAL_Driver/stm32f0xx_hal_uart.d" -MT"Drivers/STM32F0xx_HAL_Driver/stm32f0xx_hal_uart.o" --specs=nano.specs -mfloat-abi=soft -mthumb -o "Drivers/STM32F0xx_HAL_Driver/stm32f0xx_hal_uart.o"
arm-none-eabi-gcc -c "D:/test/STM32TrainingExamples/Drivers/STM32F0xx_HAL_Driver/Src/stm32f0xx_hal_uart_ex.c" -mcpu=cortex-m0 -std=gnu11 -g3 '-D__weak=__attribute__((weak))' '-D__packed=__attribute__((__packed__))' -DUSE_HAL_DRIVER -DSTM32F070xB -c -I../../../../../Drivers/STM32F0xx_HAL_Driver/Inc -I../../../../../Drivers/CMSIS/Device/ST/STM32F0xx/Include -I../../../../../Drivers/CMSIS/Include -I../../../../../Drivers/STM32F0xx_HAL_Driver/Inc/Legacy -I../../../../Inc -Os -ffunction-sections -fdata-sections -Wall -fstack-usage -MMD -MP -MF"Drivers/STM32F0xx_HAL_Driver/stm32f0xx_hal_uart_ex.d" -MT"Drivers/STM32F0xx_HAL_Driver/stm32f0xx_hal_uart_ex.o" --specs=nano.specs -mfloat-abi=soft -mthumb -o "Drivers/STM32F0xx_HAL_Driver/stm32f0xx_hal_uart_ex.o"
arm-none-eabi-gcc -c "D:/test/STM32TrainingExamples/Drivers/user_drivers/Src/adc_driver.c" -mcpu=cortex-m0 -std=gnu11 -g3 '-D__weak=__attribute__((weak))' '-D__packed=__attribute__((__packed__))' -DUSE_HAL_DRIVER -DSTM32F070xB -c -I../../../../../Drivers/CMSIS/Device/ST/STM32F0xx/Include -I../../../../../Drivers/CMSIS/Include -I../../../../../Drivers/STM32F0xx_HAL_Driver/Inc -I../../../../../Drivers/STM32F0xx_HAL_Driver/Inc/Legacy -I../../../../Inc -I../../../../../Drivers/user_drivers/Inc -Os -ffunction-sections -fdata-sections -Wall -fstack-usage -MMD -MP -MF"Application/User/adc_driver.d" -MT"Application/User/adc_driver.o" --specs=nano.specs -mfloat-abi=soft -mthumb -o "Application/User/adc_driver.o"
arm-none-eabi-gcc -c "D:/test/STM32TrainingExamples/Drivers/user_drivers/Src/button_driver.c" -mcpu=cortex-m0 -std=gnu11 -g3 '-D__weak=__attribute__((weak))' '-D__packed=__attribute__((__packed__))' -DUSE_HAL_DRIVER -DSTM32F070xB -c -I../../../../../Drivers/CMSIS/Device/ST/STM32F0xx/Include -I../../../../../Drivers/CMSIS/Include -I../../../../../Drivers/STM32F0xx_HAL_Driver/Inc -I../../../../../Drivers/STM32F0xx_HAL_Driver/Inc/Legacy -I../../../../Inc -I../../../../../Drivers/user_drivers/Inc -Os -ffunction-sections -fdata-sections -Wall -fstack-usage -MMD -MP -MF"Application/User/button_driver.d" -MT"Application/User/button_driver.o" --specs=nano.specs -mfloat-abi=soft -mthumb -o "Application/User/button_driver.o"
arm-none-eabi-gcc -c "D:/test/STM32TrainingExamples/Drivers/user_drivers/Src/led_driver.c" -mcpu=cortex-m0 -std=gnu11 -g3 '-D__weak=__attribute__((weak))' '-D__packed=__attribute__((__packed__))' -DUSE_HAL_DRIVER -DSTM32F070xB -c -I../../../../../Drivers/CMSIS/Device/ST/STM32F0xx/Include -I../../../../../Drivers/CMSIS/Include -I../../../../../Drivers/STM32F0xx_HAL_Driver/Inc -I../../../../../Drivers/STM32F0xx_HAL_Driver/Inc/Legacy -I../../../../Inc -I../../../../../Drivers/user_drivers/Inc -Os -ffunction-sections -fdata-sections -Wall -fstack-usage -MMD -MP -MF"Application/User/led_driver.d" -MT"Application/User/led_driver.o" --specs=nano.specs -mfloat-abi=soft -mthumb -o "Application/User/led_driver.o"
arm-none-eabi-gcc -c "D:/test/STM32TrainingExamples/6 - ADC -Single Conversion - HAL/Src/main.c" -mcpu=cortex-m0 -std=gnu11 -g3 '-D__weak=__attribute__((weak))' '-D__packed=__attribute__((__packed__))' -DUSE_HAL_DRIVER -DSTM32F070xB -c -I../../../../../Drivers/CMSIS/Device/ST/STM32F0xx/Include -I../../../../../Drivers/CMSIS/Include -I../../../../../Drivers/STM32F0xx_HAL_Driver/Inc -I../../../../../Drivers/STM32F0xx_HAL_Driver/Inc/Legacy -I../../../../Inc -I../../../../../Drivers/user_drivers/Inc -Os -ffunction-sections -fdata-sections -Wall -fstack-usage -MMD -MP -MF"Application/User/main.d" -MT"Application/User/main.o" --specs=nano.specs -mfloat-abi=soft -mthumb -o "Application/User/main.o"
arm-none-eabi-gcc -c "D:/test/STM32TrainingExamples/6 - ADC -Single Conversion - HAL/Src/stm32f0xx_it.c" -mcpu=cortex-m0 -std=gnu11 -g3 '-D__weak=__attribute__((weak))' '-D__packed=__attribute__((__packed__))' -DUSE_HAL_DRIVER -DSTM32F070xB -c -I../../../../../Drivers/CMSIS/Device/ST/STM32F0xx/Include -I../../../../../Drivers/CMSIS/Include -I../../../../../Drivers/STM32F0xx_HAL_Driver/Inc -I../../../../../Drivers/STM32F0xx_HAL_Driver/Inc/Legacy -I../../../../Inc -I../../../../../Drivers/user_drivers/Inc -Os -ffunction-sections -fdata-sections -Wall -fstack-usage -MMD -MP -MF"Application/User/stm32f0xx_it.d" -MT"Application/User/stm32f0xx_it.o" --specs=nano.specs -mfloat-abi=soft -mthumb -o "Application/User/stm32f0xx_it.o"
arm-none-eabi-gcc -c "D:/test/STM32TrainingExamples/6 - ADC -Single Conversion - HAL/Src/system_stm32f0xx.c" -mcpu=cortex-m0 -std=gnu11 -g3 '-D__weak=__attribute__((weak))' '-D__packed=__attribute__((__packed__))' -DUSE_HAL_DRIVER -DSTM32F070xB -c -I../../../../../Drivers/CMSIS/Device/ST/STM32F0xx/Include -I../../../../../Drivers/CMSIS/Include -I../../../../../Drivers/STM32F0xx_HAL_Driver/Inc -I../../../../../Drivers/STM32F0xx_HAL_Driver/Inc/Legacy -I../../../../Inc -I../../../../../Drivers/user_drivers/Inc -Os -ffunction-sections -fdata-sections -Wall -fstack-usage -MMD -MP -MF"Application/User/system_stm32f0xx.d" -MT"Application/User/system_stm32f0xx.o" --specs=nano.specs -mfloat-abi=soft -mthumb -o "Application/User/system_stm32f0xx.o"
arm-none-eabi-gcc -c "D:/test/STM32TrainingExamples/Drivers/user_drivers/Src/uart_driver.c" -mcpu=cortex-m0 -std=gnu11 -g3 '-D__weak=__attribute__((weak))' '-D__packed=__attribute__((__packed__))' -DUSE_HAL_DRIVER -DSTM32F070xB -c -I../../../../../Drivers/CMSIS/Device/ST/STM32F0xx/Include -I../../../../../Drivers/CMSIS/Include -I../../../../../Drivers/STM32F0xx_HAL_Driver/Inc -I../../../../../Drivers/STM32F0xx_HAL_Driver/Inc/Legacy -I../../../../Inc -I../../../../../Drivers/user_drivers/Inc -Os -ffunction-sections -fdata-sections -Wall -fstack-usage -MMD -MP -MF"Application/User/uart_driver.d" -MT"Application/User/uart_driver.o" --specs=nano.specs -mfloat-abi=soft -mthumb -o "Application/User/uart_driver.o"
arm-none-eabi-gcc -c -mcpu=cortex-m0 -g3 -c -Wa,-W -x assembler-with-cpp -MMD -MP -MF"Application/System/startup_stm32f070xb.d" -MT"Application/System/startup_stm32f070xb.o" --specs=nano.specs -mfloat-abi=soft -mthumb -o "Application/System/startup_stm32f070xb.o" "D:/test/STM32TrainingExamples/6 - ADC -Single Conversion - HAL/Atollic/TrueSTUDIO/startup_stm32f070xb.s"
D:/test/STM32TrainingExamples/6 - ADC -Single Conversion - HAL/Src/main.c: In function 'send_adc_string':
D:/test/STM32TrainingExamples/6 - ADC -Single Conversion - HAL/Src/main.c:50:17: warning: format '%d' expects argument of type 'int', but argument 2 has type 'uint32_t' {aka 'long unsigned int'} [-Wformat=]
   50 |  printf("zaman:%d ADC Verisi:%d %2.2f V Buton Durum:%s\n\r",time,adc,voltage,button_get_state()?"OFF":"ON");
      |                ~^                                           ~~~~
      |                 |                                           |
      |                 int                                         uint32_t {aka long unsigned int}
      |                %ld
D:/test/STM32TrainingExamples/6 - ADC -Single Conversion - HAL/Src/main.c:50:31: warning: format '%d' expects argument of type 'int', but argument 3 has type 'uint32_t' {aka 'long unsigned int'} [-Wformat=]
   50 |  printf("zaman:%d ADC Verisi:%d %2.2f V Buton Durum:%s\n\r",time,adc,voltage,button_get_state()?"OFF":"ON");
      |                              ~^                                  ~~~
      |                               |                                  |
      |                               int                                uint32_t {aka long unsigned int}
      |                              %ld
arm-none-eabi-gcc -c "D:/test/STM32TrainingExamples/6 - ADC -Single Conversion - HAL/Atollic/TrueSTUDIO/syscalls.c" -mcpu=cortex-m0 -std=gnu11 -g3 '-D__weak=__attribute__((weak))' '-D__packed=__attribute__((__packed__))' -DUSE_HAL_DRIVER -DSTM32F070xB -c -I../../../../../Drivers/CMSIS/Device/ST/STM32F0xx/Include -I../../../../../Drivers/CMSIS/Include -I../../../../../Drivers/STM32F0xx_HAL_Driver/Inc -I../../../../../Drivers/STM32F0xx_HAL_Driver/Inc/Legacy -I../../../../Inc -I../../../../../Drivers/user_drivers/Inc -Os -ffunction-sections -fdata-sections -Wall -fstack-usage -MMD -MP -MF"Application/System/syscalls.d" -MT"Application/System/syscalls.o" --specs=nano.specs -mfloat-abi=soft -mthumb -o "Application/System/syscalls.o"
arm-none-eabi-gcc -o "ADC_Single_Conv.elf" @"objects.list"   -mcpu=cortex-m0 -T"../STM32F070RB_FLASH.ld" --specs=nosys.specs -Wl,-Map="ADC_Single_Conv.map" -Wl,--gc-sections -static --specs=nano.specs -mfloat-abi=soft -mthumb -Wl,--start-group -lc -lm -Wl,--end-group
Finished building target: ADC_Single_Conv.elf
 
arm-none-eabi-size   ADC_Single_Conv.elf 
arm-none-eabi-objdump -h -S  ADC_Single_Conv.elf  > "ADC_Single_Conv.list"
arm-none-eabi-objcopy  -O binary  ADC_Single_Conv.elf  "ADC_Single_Conv.bin"
   text	   data	    bss	    dec	    hex	filename
  13904	    112	   3864	  17880	   45d8	ADC_Single_Conv.elf
Finished building: default.size.stdout
 
Finished building: ADC_Single_Conv.bin
 
Finished building: ADC_Single_Conv.list
 
arm-none-eabi-objcopy.exe -O ihex "ADC_Single_Conv.elf" "ADC_Single_Conv.hex"
 

20:46:22 Build Finished. 0 errors, 2 warnings. (took 5s.702ms)

