14:12:27 **** Incremental Build of configuration Debug for project ADC_Single_Conv ****
Info: Internal Builder is used for build
arm-atollic-eabi-gcc -c -mthumb -mcpu=cortex-m0 -g -Wa,--no-warn -x assembler-with-cpp -specs=nano.specs -o Application\TrueSTUDIO\startup_stm32f070xb.o ..\..\startup_stm32f070xb.s 
arm-atollic-eabi-gcc -c -mthumb -mcpu=cortex-m0 -std=gnu11 -D__weak=__attribute__((weak)) -D__packed=__attribute__((__packed__)) -DUSE_HAL_DRIVER -DSTM32F070xB -I../../../../../Drivers/STM32F0xx_HAL_Driver/Inc -I../../../../../Drivers/CMSIS/Device/ST/STM32F0xx/Include -I../../../../../Drivers/CMSIS/Include -I../../../../../Drivers/STM32F0xx_HAL_Driver/Inc/Legacy -I../../../../Inc -Os -ffunction-sections -fdata-sections -g -fstack-usage -Wall -specs=nano.specs -o Drivers\STM32F0xx_HAL_Driver\stm32f0xx_hal_dma.o ..\..\..\..\..\Drivers\STM32F0xx_HAL_Driver\Src\stm32f0xx_hal_dma.c 
arm-atollic-eabi-gcc -c -mthumb -mcpu=cortex-m0 -std=gnu11 -D__weak=__attribute__((weak)) -D__packed=__attribute__((__packed__)) -DUSE_HAL_DRIVER -DSTM32F070xB -I../../../../../Drivers/CMSIS/Device/ST/STM32F0xx/Include -I../../../../../Drivers/CMSIS/Include -I../../../../../Drivers/STM32F0xx_HAL_Driver/Inc -I../../../../../Drivers/STM32F0xx_HAL_Driver/Inc/Legacy -I../../../../Inc -I../../../../../Drivers/user_drivers/Inc -Os -ffunction-sections -fdata-sections -g -fstack-usage -Wall -specs=nano.specs -o Application\User\system_stm32f0xx.o ..\..\..\..\Src\system_stm32f0xx.c 
arm-atollic-eabi-gcc -c -mthumb -mcpu=cortex-m0 -std=gnu11 -D__weak=__attribute__((weak)) -D__packed=__attribute__((__packed__)) -DUSE_HAL_DRIVER -DSTM32F070xB -I../../../../../Drivers/STM32F0xx_HAL_Driver/Inc -I../../../../../Drivers/CMSIS/Device/ST/STM32F0xx/Include -I../../../../../Drivers/CMSIS/Include -I../../../../../Drivers/STM32F0xx_HAL_Driver/Inc/Legacy -I../../../../Inc -Os -ffunction-sections -fdata-sections -g -fstack-usage -Wall -specs=nano.specs -o Drivers\STM32F0xx_HAL_Driver\stm32f0xx_hal_pwr_ex.o ..\..\..\..\..\Drivers\STM32F0xx_HAL_Driver\Src\stm32f0xx_hal_pwr_ex.c 
arm-atollic-eabi-gcc -c -mthumb -mcpu=cortex-m0 -std=gnu11 -D__weak=__attribute__((weak)) -D__packed=__attribute__((__packed__)) -DUSE_HAL_DRIVER -DSTM32F070xB -I../../../../../Drivers/CMSIS/Device/ST/STM32F0xx/Include -I../../../../../Drivers/CMSIS/Include -I../../../../../Drivers/STM32F0xx_HAL_Driver/Inc -I../../../../../Drivers/STM32F0xx_HAL_Driver/Inc/Legacy -I../../../../Inc -I../../../../../Drivers/user_drivers/Inc -Os -ffunction-sections -fdata-sections -g -fstack-usage -Wall -specs=nano.specs -o Application\User\stm32f0xx_it.o ..\..\..\..\Src\stm32f0xx_it.c 
arm-atollic-eabi-gcc -c -mthumb -mcpu=cortex-m0 -std=gnu11 -D__weak=__attribute__((weak)) -D__packed=__attribute__((__packed__)) -DUSE_HAL_DRIVER -DSTM32F070xB -I../../../../../Drivers/STM32F0xx_HAL_Driver/Inc -I../../../../../Drivers/CMSIS/Device/ST/STM32F0xx/Include -I../../../../../Drivers/CMSIS/Include -I../../../../../Drivers/STM32F0xx_HAL_Driver/Inc/Legacy -I../../../../Inc -Os -ffunction-sections -fdata-sections -g -fstack-usage -Wall -specs=nano.specs -o Drivers\STM32F0xx_HAL_Driver\stm32f0xx_hal_adc_ex.o ..\..\..\..\..\Drivers\STM32F0xx_HAL_Driver\Src\stm32f0xx_hal_adc_ex.c 
arm-atollic-eabi-gcc -c -mthumb -mcpu=cortex-m0 -std=gnu11 -D__weak=__attribute__((weak)) -D__packed=__attribute__((__packed__)) -DUSE_HAL_DRIVER -DSTM32F070xB -I../../../../../Drivers/STM32F0xx_HAL_Driver/Inc -I../../../../../Drivers/CMSIS/Device/ST/STM32F0xx/Include -I../../../../../Drivers/CMSIS/Include -I../../../../../Drivers/STM32F0xx_HAL_Driver/Inc/Legacy -I../../../../Inc -Os -ffunction-sections -fdata-sections -g -fstack-usage -Wall -specs=nano.specs -o Drivers\STM32F0xx_HAL_Driver\stm32f0xx_hal_tim.o ..\..\..\..\..\Drivers\STM32F0xx_HAL_Driver\Src\stm32f0xx_hal_tim.c 
arm-atollic-eabi-gcc -c -mthumb -mcpu=cortex-m0 -std=gnu11 -D__weak=__attribute__((weak)) -D__packed=__attribute__((__packed__)) -DUSE_HAL_DRIVER -DSTM32F070xB -I../../../../../Drivers/STM32F0xx_HAL_Driver/Inc -I../../../../../Drivers/CMSIS/Device/ST/STM32F0xx/Include -I../../../../../Drivers/CMSIS/Include -I../../../../../Drivers/STM32F0xx_HAL_Driver/Inc/Legacy -I../../../../Inc -Os -ffunction-sections -fdata-sections -g -fstack-usage -Wall -specs=nano.specs -o Drivers\STM32F0xx_HAL_Driver\stm32f0xx_hal_flash_ex.o ..\..\..\..\..\Drivers\STM32F0xx_HAL_Driver\Src\stm32f0xx_hal_flash_ex.c 
arm-atollic-eabi-gcc -c -mthumb -mcpu=cortex-m0 -std=gnu11 -D__weak=__attribute__((weak)) -D__packed=__attribute__((__packed__)) -DUSE_HAL_DRIVER -DSTM32F070xB -I../../../../../Drivers/CMSIS/Device/ST/STM32F0xx/Include -I../../../../../Drivers/CMSIS/Include -I../../../../../Drivers/STM32F0xx_HAL_Driver/Inc -I../../../../../Drivers/STM32F0xx_HAL_Driver/Inc/Legacy -I../../../../Inc -I../../../../../Drivers/user_drivers/Inc -Os -ffunction-sections -fdata-sections -g -fstack-usage -Wall -specs=nano.specs -o Application\TrueSTUDIO\syscalls.o ..\..\syscalls.c 
arm-atollic-eabi-gcc -c -mthumb -mcpu=cortex-m0 -std=gnu11 -D__weak=__attribute__((weak)) -D__packed=__attribute__((__packed__)) -DUSE_HAL_DRIVER -DSTM32F070xB -I../../../../../Drivers/STM32F0xx_HAL_Driver/Inc -I../../../../../Drivers/CMSIS/Device/ST/STM32F0xx/Include -I../../../../../Drivers/CMSIS/Include -I../../../../../Drivers/STM32F0xx_HAL_Driver/Inc/Legacy -I../../../../Inc -Os -ffunction-sections -fdata-sections -g -fstack-usage -Wall -specs=nano.specs -o Drivers\STM32F0xx_HAL_Driver\stm32f0xx_hal_pwr.o ..\..\..\..\..\Drivers\STM32F0xx_HAL_Driver\Src\stm32f0xx_hal_pwr.c 
arm-atollic-eabi-gcc -c -mthumb -mcpu=cortex-m0 -std=gnu11 -D__weak=__attribute__((weak)) -D__packed=__attribute__((__packed__)) -DUSE_HAL_DRIVER -DSTM32F070xB -I../../../../../Drivers/STM32F0xx_HAL_Driver/Inc -I../../../../../Drivers/CMSIS/Device/ST/STM32F0xx/Include -I../../../../../Drivers/CMSIS/Include -I../../../../../Drivers/STM32F0xx_HAL_Driver/Inc/Legacy -I../../../../Inc -Os -ffunction-sections -fdata-sections -g -fstack-usage -Wall -specs=nano.specs -o Drivers\STM32F0xx_HAL_Driver\stm32f0xx_hal_i2c_ex.o ..\..\..\..\..\Drivers\STM32F0xx_HAL_Driver\Src\stm32f0xx_hal_i2c_ex.c 
arm-atollic-eabi-gcc -c -mthumb -mcpu=cortex-m0 -std=gnu11 -D__weak=__attribute__((weak)) -D__packed=__attribute__((__packed__)) -DUSE_HAL_DRIVER -DSTM32F070xB -I../../../../../Drivers/CMSIS/Device/ST/STM32F0xx/Include -I../../../../../Drivers/CMSIS/Include -I../../../../../Drivers/STM32F0xx_HAL_Driver/Inc -I../../../../../Drivers/STM32F0xx_HAL_Driver/Inc/Legacy -I../../../../Inc -I../../../../../Drivers/user_drivers/Inc -Os -ffunction-sections -fdata-sections -g -fstack-usage -Wall -specs=nano.specs -o Application\User\button_driver.o ..\..\..\..\..\Drivers\user_drivers\Src\button_driver.c 
arm-atollic-eabi-gcc -c -mthumb -mcpu=cortex-m0 -std=gnu11 -D__weak=__attribute__((weak)) -D__packed=__attribute__((__packed__)) -DUSE_HAL_DRIVER -DSTM32F070xB -I../../../../../Drivers/CMSIS/Device/ST/STM32F0xx/Include -I../../../../../Drivers/CMSIS/Include -I../../../../../Drivers/STM32F0xx_HAL_Driver/Inc -I../../../../../Drivers/STM32F0xx_HAL_Driver/Inc/Legacy -I../../../../Inc -I../../../../../Drivers/user_drivers/Inc -Os -ffunction-sections -fdata-sections -g -fstack-usage -Wall -specs=nano.specs -o Application\User\uart_driver.o ..\..\..\..\..\Drivers\user_drivers\Src\uart_driver.c 
arm-atollic-eabi-gcc -c -mthumb -mcpu=cortex-m0 -std=gnu11 -D__weak=__attribute__((weak)) -D__packed=__attribute__((__packed__)) -DUSE_HAL_DRIVER -DSTM32F070xB -I../../../../../Drivers/CMSIS/Device/ST/STM32F0xx/Include -I../../../../../Drivers/CMSIS/Include -I../../../../../Drivers/STM32F0xx_HAL_Driver/Inc -I../../../../../Drivers/STM32F0xx_HAL_Driver/Inc/Legacy -I../../../../Inc -I../../../../../Drivers/user_drivers/Inc -Os -ffunction-sections -fdata-sections -g -fstack-usage -Wall -specs=nano.specs -o Application\User\adc_driver.o ..\..\..\..\..\Drivers\user_drivers\Src\adc_driver.c 
arm-atollic-eabi-gcc -c -mthumb -mcpu=cortex-m0 -std=gnu11 -D__weak=__attribute__((weak)) -D__packed=__attribute__((__packed__)) -DUSE_HAL_DRIVER -DSTM32F070xB -I../../../../../Drivers/STM32F0xx_HAL_Driver/Inc -I../../../../../Drivers/CMSIS/Device/ST/STM32F0xx/Include -I../../../../../Drivers/CMSIS/Include -I../../../../../Drivers/STM32F0xx_HAL_Driver/Inc/Legacy -I../../../../Inc -Os -ffunction-sections -fdata-sections -g -fstack-usage -Wall -specs=nano.specs -o Drivers\STM32F0xx_HAL_Driver\stm32f0xx_hal_rcc_ex.o ..\..\..\..\..\Drivers\STM32F0xx_HAL_Driver\Src\stm32f0xx_hal_rcc_ex.c 
arm-atollic-eabi-gcc -c -mthumb -mcpu=cortex-m0 -std=gnu11 -D__weak=__attribute__((weak)) -D__packed=__attribute__((__packed__)) -DUSE_HAL_DRIVER -DSTM32F070xB -I../../../../../Drivers/STM32F0xx_HAL_Driver/Inc -I../../../../../Drivers/CMSIS/Device/ST/STM32F0xx/Include -I../../../../../Drivers/CMSIS/Include -I../../../../../Drivers/STM32F0xx_HAL_Driver/Inc/Legacy -I../../../../Inc -Os -ffunction-sections -fdata-sections -g -fstack-usage -Wall -specs=nano.specs -o Drivers\STM32F0xx_HAL_Driver\stm32f0xx_hal_cortex.o ..\..\..\..\..\Drivers\STM32F0xx_HAL_Driver\Src\stm32f0xx_hal_cortex.c 
arm-atollic-eabi-gcc -c -mthumb -mcpu=cortex-m0 -std=gnu11 -D__weak=__attribute__((weak)) -D__packed=__attribute__((__packed__)) -DUSE_HAL_DRIVER -DSTM32F070xB -I../../../../../Drivers/CMSIS/Device/ST/STM32F0xx/Include -I../../../../../Drivers/CMSIS/Include -I../../../../../Drivers/STM32F0xx_HAL_Driver/Inc -I../../../../../Drivers/STM32F0xx_HAL_Driver/Inc/Legacy -I../../../../Inc -I../../../../../Drivers/user_drivers/Inc -Os -ffunction-sections -fdata-sections -g -fstack-usage -Wall -specs=nano.specs -o Application\User\main.o ..\..\..\..\Src\main.c 
..\..\..\..\Src\main.c: In function 'send_adc_string':
..\..\..\..\Src\main.c:50:17: warning: format '%d' expects argument of type 'int', but argument 2 has type 'uint32_t {aka long unsigned int}' [-Wformat=]
  printf("zaman:%d ADC Verisi:%d %2.2f V Buton Durum:%s\n\r",time,adc,voltage,button_get_state()?"OFF":"ON");
                 ^
..\..\..\..\Src\main.c:50:31: warning: format '%d' expects argument of type 'int', but argument 3 has type 'uint32_t {aka long unsigned int}' [-Wformat=]
  printf("zaman:%d ADC Verisi:%d %2.2f V Buton Durum:%s\n\r",time,adc,voltage,button_get_state()?"OFF":"ON");
                               ^
arm-atollic-eabi-gcc -c -mthumb -mcpu=cortex-m0 -std=gnu11 -D__weak=__attribute__((weak)) -D__packed=__attribute__((__packed__)) -DUSE_HAL_DRIVER -DSTM32F070xB -I../../../../../Drivers/STM32F0xx_HAL_Driver/Inc -I../../../../../Drivers/CMSIS/Device/ST/STM32F0xx/Include -I../../../../../Drivers/CMSIS/Include -I../../../../../Drivers/STM32F0xx_HAL_Driver/Inc/Legacy -I../../../../Inc -Os -ffunction-sections -fdata-sections -g -fstack-usage -Wall -specs=nano.specs -o Drivers\STM32F0xx_HAL_Driver\stm32f0xx_hal_uart_ex.o ..\..\..\..\..\Drivers\STM32F0xx_HAL_Driver\Src\stm32f0xx_hal_uart_ex.c 
arm-atollic-eabi-gcc -c -mthumb -mcpu=cortex-m0 -std=gnu11 -D__weak=__attribute__((weak)) -D__packed=__attribute__((__packed__)) -DUSE_HAL_DRIVER -DSTM32F070xB -I../../../../../Drivers/STM32F0xx_HAL_Driver/Inc -I../../../../../Drivers/CMSIS/Device/ST/STM32F0xx/Include -I../../../../../Drivers/CMSIS/Include -I../../../../../Drivers/STM32F0xx_HAL_Driver/Inc/Legacy -I../../../../Inc -Os -ffunction-sections -fdata-sections -g -fstack-usage -Wall -specs=nano.specs -o Drivers\STM32F0xx_HAL_Driver\stm32f0xx_hal_rcc.o ..\..\..\..\..\Drivers\STM32F0xx_HAL_Driver\Src\stm32f0xx_hal_rcc.c 
arm-atollic-eabi-gcc -c -mthumb -mcpu=cortex-m0 -std=gnu11 -D__weak=__attribute__((weak)) -D__packed=__attribute__((__packed__)) -DUSE_HAL_DRIVER -DSTM32F070xB -I../../../../../Drivers/STM32F0xx_HAL_Driver/Inc -I../../../../../Drivers/CMSIS/Device/ST/STM32F0xx/Include -I../../../../../Drivers/CMSIS/Include -I../../../../../Drivers/STM32F0xx_HAL_Driver/Inc/Legacy -I../../../../Inc -Os -ffunction-sections -fdata-sections -g -fstack-usage -Wall -specs=nano.specs -o Drivers\STM32F0xx_HAL_Driver\stm32f0xx_hal_adc.o ..\..\..\..\..\Drivers\STM32F0xx_HAL_Driver\Src\stm32f0xx_hal_adc.c 
arm-atollic-eabi-gcc -c -mthumb -mcpu=cortex-m0 -std=gnu11 -D__weak=__attribute__((weak)) -D__packed=__attribute__((__packed__)) -DUSE_HAL_DRIVER -DSTM32F070xB -I../../../../../Drivers/STM32F0xx_HAL_Driver/Inc -I../../../../../Drivers/CMSIS/Device/ST/STM32F0xx/Include -I../../../../../Drivers/CMSIS/Include -I../../../../../Drivers/STM32F0xx_HAL_Driver/Inc/Legacy -I../../../../Inc -Os -ffunction-sections -fdata-sections -g -fstack-usage -Wall -specs=nano.specs -o Drivers\STM32F0xx_HAL_Driver\stm32f0xx_hal.o ..\..\..\..\..\Drivers\STM32F0xx_HAL_Driver\Src\stm32f0xx_hal.c 
arm-atollic-eabi-gcc -c -mthumb -mcpu=cortex-m0 -std=gnu11 -D__weak=__attribute__((weak)) -D__packed=__attribute__((__packed__)) -DUSE_HAL_DRIVER -DSTM32F070xB -I../../../../../Drivers/STM32F0xx_HAL_Driver/Inc -I../../../../../Drivers/CMSIS/Device/ST/STM32F0xx/Include -I../../../../../Drivers/CMSIS/Include -I../../../../../Drivers/STM32F0xx_HAL_Driver/Inc/Legacy -I../../../../Inc -Os -ffunction-sections -fdata-sections -g -fstack-usage -Wall -specs=nano.specs -o Drivers\STM32F0xx_HAL_Driver\stm32f0xx_hal_i2c.o ..\..\..\..\..\Drivers\STM32F0xx_HAL_Driver\Src\stm32f0xx_hal_i2c.c 
arm-atollic-eabi-gcc -c -mthumb -mcpu=cortex-m0 -std=gnu11 -D__weak=__attribute__((weak)) -D__packed=__attribute__((__packed__)) -DUSE_HAL_DRIVER -DSTM32F070xB -I../../../../../Drivers/CMSIS/Device/ST/STM32F0xx/Include -I../../../../../Drivers/CMSIS/Include -I../../../../../Drivers/STM32F0xx_HAL_Driver/Inc -I../../../../../Drivers/STM32F0xx_HAL_Driver/Inc/Legacy -I../../../../Inc -I../../../../../Drivers/user_drivers/Inc -Os -ffunction-sections -fdata-sections -g -fstack-usage -Wall -specs=nano.specs -o Application\User\led_driver.o ..\..\..\..\..\Drivers\user_drivers\Src\led_driver.c 
arm-atollic-eabi-gcc -c -mthumb -mcpu=cortex-m0 -std=gnu11 -D__weak=__attribute__((weak)) -D__packed=__attribute__((__packed__)) -DUSE_HAL_DRIVER -DSTM32F070xB -I../../../../../Drivers/STM32F0xx_HAL_Driver/Inc -I../../../../../Drivers/CMSIS/Device/ST/STM32F0xx/Include -I../../../../../Drivers/CMSIS/Include -I../../../../../Drivers/STM32F0xx_HAL_Driver/Inc/Legacy -I../../../../Inc -Os -ffunction-sections -fdata-sections -g -fstack-usage -Wall -specs=nano.specs -o Drivers\STM32F0xx_HAL_Driver\stm32f0xx_hal_flash.o ..\..\..\..\..\Drivers\STM32F0xx_HAL_Driver\Src\stm32f0xx_hal_flash.c 
arm-atollic-eabi-gcc -c -mthumb -mcpu=cortex-m0 -std=gnu11 -D__weak=__attribute__((weak)) -D__packed=__attribute__((__packed__)) -DUSE_HAL_DRIVER -DSTM32F070xB -I../../../../../Drivers/STM32F0xx_HAL_Driver/Inc -I../../../../../Drivers/CMSIS/Device/ST/STM32F0xx/Include -I../../../../../Drivers/CMSIS/Include -I../../../../../Drivers/STM32F0xx_HAL_Driver/Inc/Legacy -I../../../../Inc -Os -ffunction-sections -fdata-sections -g -fstack-usage -Wall -specs=nano.specs -o Drivers\STM32F0xx_HAL_Driver\stm32f0xx_hal_uart.o ..\..\..\..\..\Drivers\STM32F0xx_HAL_Driver\Src\stm32f0xx_hal_uart.c 
arm-atollic-eabi-gcc -c -mthumb -mcpu=cortex-m0 -std=gnu11 -D__weak=__attribute__((weak)) -D__packed=__attribute__((__packed__)) -DUSE_HAL_DRIVER -DSTM32F070xB -I../../../../../Drivers/STM32F0xx_HAL_Driver/Inc -I../../../../../Drivers/CMSIS/Device/ST/STM32F0xx/Include -I../../../../../Drivers/CMSIS/Include -I../../../../../Drivers/STM32F0xx_HAL_Driver/Inc/Legacy -I../../../../Inc -Os -ffunction-sections -fdata-sections -g -fstack-usage -Wall -specs=nano.specs -o Drivers\STM32F0xx_HAL_Driver\stm32f0xx_hal_gpio.o ..\..\..\..\..\Drivers\STM32F0xx_HAL_Driver\Src\stm32f0xx_hal_gpio.c 
arm-atollic-eabi-gcc -c -mthumb -mcpu=cortex-m0 -std=gnu11 -D__weak=__attribute__((weak)) -D__packed=__attribute__((__packed__)) -DUSE_HAL_DRIVER -DSTM32F070xB -I../../../../../Drivers/STM32F0xx_HAL_Driver/Inc -I../../../../../Drivers/CMSIS/Device/ST/STM32F0xx/Include -I../../../../../Drivers/CMSIS/Include -I../../../../../Drivers/STM32F0xx_HAL_Driver/Inc/Legacy -I../../../../Inc -Os -ffunction-sections -fdata-sections -g -fstack-usage -Wall -specs=nano.specs -o Drivers\STM32F0xx_HAL_Driver\stm32f0xx_hal_tim_ex.o ..\..\..\..\..\Drivers\STM32F0xx_HAL_Driver\Src\stm32f0xx_hal_tim_ex.c 
arm-atollic-eabi-gcc -o ADC_Single_Conv.elf Application\TrueSTUDIO\startup_stm32f070xb.o Application\TrueSTUDIO\syscalls.o Application\User\adc_driver.o Application\User\button_driver.o Application\User\led_driver.o Application\User\main.o Application\User\stm32f0xx_it.o Application\User\system_stm32f0xx.o Application\User\uart_driver.o Drivers\STM32F0xx_HAL_Driver\stm32f0xx_hal.o Drivers\STM32F0xx_HAL_Driver\stm32f0xx_hal_adc.o Drivers\STM32F0xx_HAL_Driver\stm32f0xx_hal_adc_ex.o Drivers\STM32F0xx_HAL_Driver\stm32f0xx_hal_cortex.o Drivers\STM32F0xx_HAL_Driver\stm32f0xx_hal_dma.o Drivers\STM32F0xx_HAL_Driver\stm32f0xx_hal_flash.o Drivers\STM32F0xx_HAL_Driver\stm32f0xx_hal_flash_ex.o Drivers\STM32F0xx_HAL_Driver\stm32f0xx_hal_gpio.o Drivers\STM32F0xx_HAL_Driver\stm32f0xx_hal_i2c.o Drivers\STM32F0xx_HAL_Driver\stm32f0xx_hal_i2c_ex.o Drivers\STM32F0xx_HAL_Driver\stm32f0xx_hal_pwr.o Drivers\STM32F0xx_HAL_Driver\stm32f0xx_hal_pwr_ex.o Drivers\STM32F0xx_HAL_Driver\stm32f0xx_hal_rcc.o Drivers\STM32F0xx_HAL_Driver\stm32f0xx_hal_rcc_ex.o Drivers\STM32F0xx_HAL_Driver\stm32f0xx_hal_tim.o Drivers\STM32F0xx_HAL_Driver\stm32f0xx_hal_tim_ex.o Drivers\STM32F0xx_HAL_Driver\stm32f0xx_hal_uart.o Drivers\STM32F0xx_HAL_Driver\stm32f0xx_hal_uart_ex.o -mthumb -mcpu=cortex-m0 -T../STM32F070RB_FLASH.ld -specs=nosys.specs -static -Wl,-Map=ADC_Single_Conv.map -Wl,--gc-sections -Wl,--defsym=malloc_getpagesize_P=0x80 -Wl,--start-group -lc -lm -Wl,--end-group -specs=nano.specs 
C:\Program Files (x86)\Atollic\TrueSTUDIO for STM32 9.2.0\ide\jre\bin\java -jar C:\Program Files (x86)\Atollic\TrueSTUDIO for STM32 9.2.0\Tools\arm-atollic-reports.jar sizeinfo list ADC_Single_Conv.elf 
Generate build reports...
Print size information
   text	   data	    bss	    dec	    hex	filename
  13856	    112	   3852	  17820	   459c	ADC_Single_Conv.elf
Print size information done
Generate listing file
Output sent to: ADC_Single_Conv.list
Generate listing file done
Generate build reports done
arm-atollic-eabi-objcopy.exe -O ihex ADC_Single_Conv.elf ADC_Single_Conv.hex 

14:12:37 Build Finished (took 9s.862ms)

