14:14:06 **** Incremental Build of configuration Release for project ADC_Single_Conv_Int ****
Info: Internal Builder is used for build
arm-atollic-eabi-gcc -o ADC_Single_Conv_Int.elf Application\TrueSTUDIO\startup_stm32f070xb.o Application\TrueSTUDIO\syscalls.o Application\User\adc_int_driver.o Application\User\button_driver.o Application\User\led_driver.o Application\User\main.o Application\User\stm32f0xx_it.o Application\User\system_stm32f0xx.o Application\User\uart_driver.o Drivers\STM32F0xx_HAL_Driver\stm32f0xx_hal.o Drivers\STM32F0xx_HAL_Driver\stm32f0xx_hal_cortex.o Drivers\STM32F0xx_HAL_Driver\stm32f0xx_hal_dma.o Drivers\STM32F0xx_HAL_Driver\stm32f0xx_hal_flash.o Drivers\STM32F0xx_HAL_Driver\stm32f0xx_hal_flash_ex.o Drivers\STM32F0xx_HAL_Driver\stm32f0xx_hal_gpio.o Drivers\STM32F0xx_HAL_Driver\stm32f0xx_hal_i2c.o Drivers\STM32F0xx_HAL_Driver\stm32f0xx_hal_i2c_ex.o Drivers\STM32F0xx_HAL_Driver\stm32f0xx_hal_pwr.o Drivers\STM32F0xx_HAL_Driver\stm32f0xx_hal_pwr_ex.o Drivers\STM32F0xx_HAL_Driver\stm32f0xx_hal_rcc.o Drivers\STM32F0xx_HAL_Driver\stm32f0xx_hal_rcc_ex.o Drivers\STM32F0xx_HAL_Driver\stm32f0xx_hal_tim.o Drivers\STM32F0xx_HAL_Driver\stm32f0xx_hal_tim_ex.o Drivers\STM32F0xx_HAL_Driver\stm32f0xx_hal_uart.o Drivers\STM32F0xx_HAL_Driver\stm32f0xx_hal_uart_ex.o Drivers\stm32f0xx_hal_adc.o Drivers\stm32f0xx_hal_adc_ex.o -mthumb -mcpu=cortex-m0 -T../STM32F070RB_FLASH.ld -specs=nosys.specs -static -Wl,-Map=ADC_Single_Conv_Int.map -Wl,--gc-sections -Wl,--defsym=malloc_getpagesize_P=0x80 -Wl,--start-group -lc -lm -Wl,--end-group -specs=nano.specs 
C:\Program Files (x86)\Atollic\TrueSTUDIO for STM32 9.2.0\ide\jre\bin\java -jar C:\Program Files (x86)\Atollic\TrueSTUDIO for STM32 9.2.0\Tools\arm-atollic-reports.jar sizeinfo list ADC_Single_Conv_Int.elf 
Generate build reports...
Print size information
   text	   data	    bss	    dec	    hex	filename
  10144	    112	   3856	  14112	   3720	ADC_Single_Conv_Int.elf
Print size information done
Generate listing file
Output sent to: ADC_Single_Conv_Int.list
Generate listing file done
Generate build reports done
arm-atollic-eabi-objcopy.exe -O ihex ADC_Single_Conv_Int.elf ADC_Single_Conv_Int.hex 
Info: Parallel threads used: 1

14:14:07 Build Finished (took 694ms)

