14:21:21 **** Incremental Build of configuration Release for project Timer_Servo_Control ****
Info: Internal Builder is used for build
arm-atollic-eabi-gcc -c -mthumb -mcpu=cortex-m0 -std=gnu11 -D__weak=__attribute__((weak)) -D__packed=__attribute__((__packed__)) -DUSE_HAL_DRIVER -DSTM32F070xB -I../../../../Inc -I../../../../../Drivers/STM32F0xx_HAL_Driver/Inc/Legacy -I../../../../../Drivers/CMSIS/Include -I../../../../../Drivers/CMSIS/Device/ST/STM32F0xx/Include -I../../../../../Drivers/STM32F0xx_HAL_Driver/Inc -I../../../../../Drivers/user_drivers/Inc -Os -ffunction-sections -fdata-sections -fstack-usage -Wall -specs=nano.specs -o Application\TrueSTUDIO\led_driver.o ..\..\..\..\..\Drivers\user_drivers\Src\led_driver.c 
arm-atollic-eabi-gcc -c -mthumb -mcpu=cortex-m0 -std=gnu11 -D__weak=__attribute__((weak)) -D__packed=__attribute__((__packed__)) -DUSE_HAL_DRIVER -DSTM32F070xB -I../../../../Inc -I../../../../../Drivers/STM32F0xx_HAL_Driver/Inc/Legacy -I../../../../../Drivers/CMSIS/Include -I../../../../../Drivers/CMSIS/Device/ST/STM32F0xx/Include -I../../../../../Drivers/STM32F0xx_HAL_Driver/Inc -I../../../../../Drivers/user_drivers/Inc -Os -ffunction-sections -fdata-sections -fstack-usage -Wall -specs=nano.specs -o Drivers\STM32F0xx_HAL_Driver\stm32f0xx_hal_pwr_ex.o ..\..\..\..\..\Drivers\STM32F0xx_HAL_Driver\Src\stm32f0xx_hal_pwr_ex.c 
arm-atollic-eabi-gcc -c -mthumb -mcpu=cortex-m0 -std=gnu11 -D__weak=__attribute__((weak)) -D__packed=__attribute__((__packed__)) -DUSE_HAL_DRIVER -DSTM32F070xB -I../../../../Inc -I../../../../../Drivers/STM32F0xx_HAL_Driver/Inc/Legacy -I../../../../../Drivers/CMSIS/Include -I../../../../../Drivers/CMSIS/Device/ST/STM32F0xx/Include -I../../../../../Drivers/STM32F0xx_HAL_Driver/Inc -I../../../../../Drivers/user_drivers/Inc -Os -ffunction-sections -fdata-sections -fstack-usage -Wall -specs=nano.specs -o Application\User\system_stm32f0xx.o ..\..\..\..\Src\system_stm32f0xx.c 
arm-atollic-eabi-gcc -c -mthumb -mcpu=cortex-m0 -std=gnu11 -D__weak=__attribute__((weak)) -D__packed=__attribute__((__packed__)) -DUSE_HAL_DRIVER -DSTM32F070xB -I../../../../Inc -I../../../../../Drivers/STM32F0xx_HAL_Driver/Inc/Legacy -I../../../../../Drivers/CMSIS/Include -I../../../../../Drivers/CMSIS/Device/ST/STM32F0xx/Include -I../../../../../Drivers/STM32F0xx_HAL_Driver/Inc -I../../../../../Drivers/user_drivers/Inc -Os -ffunction-sections -fdata-sections -fstack-usage -Wall -specs=nano.specs -o Drivers\STM32F0xx_HAL_Driver\stm32f0xx_hal_uart_ex.o ..\..\..\..\..\Drivers\STM32F0xx_HAL_Driver\Src\stm32f0xx_hal_uart_ex.c 
arm-atollic-eabi-gcc -c -mthumb -mcpu=cortex-m0 -std=gnu11 -D__weak=__attribute__((weak)) -D__packed=__attribute__((__packed__)) -DUSE_HAL_DRIVER -DSTM32F070xB -I../../../../Inc -I../../../../../Drivers/STM32F0xx_HAL_Driver/Inc/Legacy -I../../../../../Drivers/CMSIS/Include -I../../../../../Drivers/CMSIS/Device/ST/STM32F0xx/Include -I../../../../../Drivers/STM32F0xx_HAL_Driver/Inc -I../../../../../Drivers/user_drivers/Inc -Os -ffunction-sections -fdata-sections -fstack-usage -Wall -specs=nano.specs -o Drivers\STM32F0xx_HAL_Driver\stm32f0xx_hal_pwr.o ..\..\..\..\..\Drivers\STM32F0xx_HAL_Driver\Src\stm32f0xx_hal_pwr.c 
arm-atollic-eabi-gcc -c -mthumb -mcpu=cortex-m0 -std=gnu11 -D__weak=__attribute__((weak)) -D__packed=__attribute__((__packed__)) -DUSE_HAL_DRIVER -DSTM32F070xB -I../../../../Inc -I../../../../../Drivers/STM32F0xx_HAL_Driver/Inc/Legacy -I../../../../../Drivers/CMSIS/Include -I../../../../../Drivers/CMSIS/Device/ST/STM32F0xx/Include -I../../../../../Drivers/STM32F0xx_HAL_Driver/Inc -I../../../../../Drivers/user_drivers/Inc -Os -ffunction-sections -fdata-sections -fstack-usage -Wall -specs=nano.specs -o Drivers\STM32F0xx_HAL_Driver\stm32f0xx_hal_flash.o ..\..\..\..\..\Drivers\STM32F0xx_HAL_Driver\Src\stm32f0xx_hal_flash.c 
arm-atollic-eabi-gcc -c -mthumb -mcpu=cortex-m0 -std=gnu11 -D__weak=__attribute__((weak)) -D__packed=__attribute__((__packed__)) -DUSE_HAL_DRIVER -DSTM32F070xB -I../../../../Inc -I../../../../../Drivers/STM32F0xx_HAL_Driver/Inc/Legacy -I../../../../../Drivers/CMSIS/Include -I../../../../../Drivers/CMSIS/Device/ST/STM32F0xx/Include -I../../../../../Drivers/STM32F0xx_HAL_Driver/Inc -I../../../../../Drivers/user_drivers/Inc -Os -ffunction-sections -fdata-sections -fstack-usage -Wall -specs=nano.specs -o Drivers\STM32F0xx_HAL_Driver\stm32f0xx_hal_i2c.o ..\..\..\..\..\Drivers\STM32F0xx_HAL_Driver\Src\stm32f0xx_hal_i2c.c 
arm-atollic-eabi-gcc -c -mthumb -mcpu=cortex-m0 -std=gnu11 -D__weak=__attribute__((weak)) -D__packed=__attribute__((__packed__)) -DUSE_HAL_DRIVER -DSTM32F070xB -I../../../../Inc -I../../../../../Drivers/STM32F0xx_HAL_Driver/Inc/Legacy -I../../../../../Drivers/CMSIS/Include -I../../../../../Drivers/CMSIS/Device/ST/STM32F0xx/Include -I../../../../../Drivers/STM32F0xx_HAL_Driver/Inc -I../../../../../Drivers/user_drivers/Inc -Os -ffunction-sections -fdata-sections -fstack-usage -Wall -specs=nano.specs -o Drivers\STM32F0xx_HAL_Driver\stm32f0xx_hal_tim.o ..\..\..\..\..\Drivers\STM32F0xx_HAL_Driver\Src\stm32f0xx_hal_tim.c 
arm-atollic-eabi-gcc -c -mthumb -mcpu=cortex-m0 -Wa,--no-warn -x assembler-with-cpp -specs=nano.specs -o Application\TrueSTUDIO\startup_stm32f070xb.o ..\..\startup_stm32f070xb.s 
arm-atollic-eabi-gcc -c -mthumb -mcpu=cortex-m0 -std=gnu11 -D__weak=__attribute__((weak)) -D__packed=__attribute__((__packed__)) -DUSE_HAL_DRIVER -DSTM32F070xB -I../../../../Inc -I../../../../../Drivers/STM32F0xx_HAL_Driver/Inc/Legacy -I../../../../../Drivers/CMSIS/Include -I../../../../../Drivers/CMSIS/Device/ST/STM32F0xx/Include -I../../../../../Drivers/STM32F0xx_HAL_Driver/Inc -I../../../../../Drivers/user_drivers/Inc -Os -ffunction-sections -fdata-sections -fstack-usage -Wall -specs=nano.specs -o Drivers\STM32F0xx_HAL_Driver\stm32f0xx_hal_rcc_ex.o ..\..\..\..\..\Drivers\STM32F0xx_HAL_Driver\Src\stm32f0xx_hal_rcc_ex.c 
arm-atollic-eabi-gcc -c -mthumb -mcpu=cortex-m0 -std=gnu11 -D__weak=__attribute__((weak)) -D__packed=__attribute__((__packed__)) -DUSE_HAL_DRIVER -DSTM32F070xB -I../../../../Inc -I../../../../../Drivers/STM32F0xx_HAL_Driver/Inc/Legacy -I../../../../../Drivers/CMSIS/Include -I../../../../../Drivers/CMSIS/Device/ST/STM32F0xx/Include -I../../../../../Drivers/STM32F0xx_HAL_Driver/Inc -I../../../../../Drivers/user_drivers/Inc -Os -ffunction-sections -fdata-sections -fstack-usage -Wall -specs=nano.specs -o Application\User\stm32f0xx_it.o ..\..\..\..\Src\stm32f0xx_it.c 
arm-atollic-eabi-gcc -c -mthumb -mcpu=cortex-m0 -std=gnu11 -D__weak=__attribute__((weak)) -D__packed=__attribute__((__packed__)) -DUSE_HAL_DRIVER -DSTM32F070xB -I../../../../Inc -I../../../../../Drivers/STM32F0xx_HAL_Driver/Inc/Legacy -I../../../../../Drivers/CMSIS/Include -I../../../../../Drivers/CMSIS/Device/ST/STM32F0xx/Include -I../../../../../Drivers/STM32F0xx_HAL_Driver/Inc -I../../../../../Drivers/user_drivers/Inc -Os -ffunction-sections -fdata-sections -fstack-usage -Wall -specs=nano.specs -o Drivers\STM32F0xx_HAL_Driver\stm32f0xx_hal_i2c_ex.o ..\..\..\..\..\Drivers\STM32F0xx_HAL_Driver\Src\stm32f0xx_hal_i2c_ex.c 
arm-atollic-eabi-gcc -c -mthumb -mcpu=cortex-m0 -std=gnu11 -D__weak=__attribute__((weak)) -D__packed=__attribute__((__packed__)) -DUSE_HAL_DRIVER -DSTM32F070xB -I../../../../Inc -I../../../../../Drivers/STM32F0xx_HAL_Driver/Inc/Legacy -I../../../../../Drivers/CMSIS/Include -I../../../../../Drivers/CMSIS/Device/ST/STM32F0xx/Include -I../../../../../Drivers/STM32F0xx_HAL_Driver/Inc -I../../../../../Drivers/user_drivers/Inc -Os -ffunction-sections -fdata-sections -fstack-usage -Wall -specs=nano.specs -o Application\TrueSTUDIO\syscalls.o ..\..\syscalls.c 
arm-atollic-eabi-gcc -c -mthumb -mcpu=cortex-m0 -std=gnu11 -D__weak=__attribute__((weak)) -D__packed=__attribute__((__packed__)) -DUSE_HAL_DRIVER -DSTM32F070xB -I../../../../Inc -I../../../../../Drivers/STM32F0xx_HAL_Driver/Inc/Legacy -I../../../../../Drivers/CMSIS/Include -I../../../../../Drivers/CMSIS/Device/ST/STM32F0xx/Include -I../../../../../Drivers/STM32F0xx_HAL_Driver/Inc -I../../../../../Drivers/user_drivers/Inc -Os -ffunction-sections -fdata-sections -fstack-usage -Wall -specs=nano.specs -o Drivers\STM32F0xx_HAL_Driver\stm32f0xx_hal_flash_ex.o ..\..\..\..\..\Drivers\STM32F0xx_HAL_Driver\Src\stm32f0xx_hal_flash_ex.c 
arm-atollic-eabi-gcc -c -mthumb -mcpu=cortex-m0 -std=gnu11 -D__weak=__attribute__((weak)) -D__packed=__attribute__((__packed__)) -DUSE_HAL_DRIVER -DSTM32F070xB -I../../../../Inc -I../../../../../Drivers/STM32F0xx_HAL_Driver/Inc/Legacy -I../../../../../Drivers/CMSIS/Include -I../../../../../Drivers/CMSIS/Device/ST/STM32F0xx/Include -I../../../../../Drivers/STM32F0xx_HAL_Driver/Inc -I../../../../../Drivers/user_drivers/Inc -Os -ffunction-sections -fdata-sections -fstack-usage -Wall -specs=nano.specs -o Drivers\STM32F0xx_HAL_Driver\stm32f0xx_hal_cortex.o ..\..\..\..\..\Drivers\STM32F0xx_HAL_Driver\Src\stm32f0xx_hal_cortex.c 
arm-atollic-eabi-gcc -c -mthumb -mcpu=cortex-m0 -std=gnu11 -D__weak=__attribute__((weak)) -D__packed=__attribute__((__packed__)) -DUSE_HAL_DRIVER -DSTM32F070xB -I../../../../Inc -I../../../../../Drivers/STM32F0xx_HAL_Driver/Inc/Legacy -I../../../../../Drivers/CMSIS/Include -I../../../../../Drivers/CMSIS/Device/ST/STM32F0xx/Include -I../../../../../Drivers/STM32F0xx_HAL_Driver/Inc -I../../../../../Drivers/user_drivers/Inc -Os -ffunction-sections -fdata-sections -fstack-usage -Wall -specs=nano.specs -o Application\User\main.o ..\..\..\..\Src\main.c 
arm-atollic-eabi-gcc -c -mthumb -mcpu=cortex-m0 -std=gnu11 -D__weak=__attribute__((weak)) -D__packed=__attribute__((__packed__)) -DUSE_HAL_DRIVER -DSTM32F070xB -I../../../../Inc -I../../../../../Drivers/STM32F0xx_HAL_Driver/Inc/Legacy -I../../../../../Drivers/CMSIS/Include -I../../../../../Drivers/CMSIS/Device/ST/STM32F0xx/Include -I../../../../../Drivers/STM32F0xx_HAL_Driver/Inc -I../../../../../Drivers/user_drivers/Inc -Os -ffunction-sections -fdata-sections -fstack-usage -Wall -specs=nano.specs -o Application\TrueSTUDIO\uart_driver.o ..\..\..\..\..\Drivers\user_drivers\Src\uart_driver.c 
arm-atollic-eabi-gcc -c -mthumb -mcpu=cortex-m0 -std=gnu11 -D__weak=__attribute__((weak)) -D__packed=__attribute__((__packed__)) -DUSE_HAL_DRIVER -DSTM32F070xB -I../../../../Inc -I../../../../../Drivers/STM32F0xx_HAL_Driver/Inc/Legacy -I../../../../../Drivers/CMSIS/Include -I../../../../../Drivers/CMSIS/Device/ST/STM32F0xx/Include -I../../../../../Drivers/STM32F0xx_HAL_Driver/Inc -I../../../../../Drivers/user_drivers/Inc -Os -ffunction-sections -fdata-sections -fstack-usage -Wall -specs=nano.specs -o Application\TrueSTUDIO\pwm_servo_driver.o ..\..\..\..\..\Drivers\user_drivers\Src\pwm_servo_driver.c 
arm-atollic-eabi-gcc -c -mthumb -mcpu=cortex-m0 -std=gnu11 -D__weak=__attribute__((weak)) -D__packed=__attribute__((__packed__)) -DUSE_HAL_DRIVER -DSTM32F070xB -I../../../../Inc -I../../../../../Drivers/STM32F0xx_HAL_Driver/Inc/Legacy -I../../../../../Drivers/CMSIS/Include -I../../../../../Drivers/CMSIS/Device/ST/STM32F0xx/Include -I../../../../../Drivers/STM32F0xx_HAL_Driver/Inc -I../../../../../Drivers/user_drivers/Inc -Os -ffunction-sections -fdata-sections -fstack-usage -Wall -specs=nano.specs -o Drivers\STM32F0xx_HAL_Driver\stm32f0xx_hal_uart.o ..\..\..\..\..\Drivers\STM32F0xx_HAL_Driver\Src\stm32f0xx_hal_uart.c 
arm-atollic-eabi-gcc -c -mthumb -mcpu=cortex-m0 -std=gnu11 -D__weak=__attribute__((weak)) -D__packed=__attribute__((__packed__)) -DUSE_HAL_DRIVER -DSTM32F070xB -I../../../../Inc -I../../../../../Drivers/STM32F0xx_HAL_Driver/Inc/Legacy -I../../../../../Drivers/CMSIS/Include -I../../../../../Drivers/CMSIS/Device/ST/STM32F0xx/Include -I../../../../../Drivers/STM32F0xx_HAL_Driver/Inc -I../../../../../Drivers/user_drivers/Inc -Os -ffunction-sections -fdata-sections -fstack-usage -Wall -specs=nano.specs -o Drivers\STM32F0xx_HAL_Driver\stm32f0xx_hal.o ..\..\..\..\..\Drivers\STM32F0xx_HAL_Driver\Src\stm32f0xx_hal.c 
arm-atollic-eabi-gcc -c -mthumb -mcpu=cortex-m0 -std=gnu11 -D__weak=__attribute__((weak)) -D__packed=__attribute__((__packed__)) -DUSE_HAL_DRIVER -DSTM32F070xB -I../../../../Inc -I../../../../../Drivers/STM32F0xx_HAL_Driver/Inc/Legacy -I../../../../../Drivers/CMSIS/Include -I../../../../../Drivers/CMSIS/Device/ST/STM32F0xx/Include -I../../../../../Drivers/STM32F0xx_HAL_Driver/Inc -I../../../../../Drivers/user_drivers/Inc -Os -ffunction-sections -fdata-sections -fstack-usage -Wall -specs=nano.specs -o Drivers\STM32F0xx_HAL_Driver\stm32f0xx_hal_tim_ex.o ..\..\..\..\..\Drivers\STM32F0xx_HAL_Driver\Src\stm32f0xx_hal_tim_ex.c 
arm-atollic-eabi-gcc -c -mthumb -mcpu=cortex-m0 -std=gnu11 -D__weak=__attribute__((weak)) -D__packed=__attribute__((__packed__)) -DUSE_HAL_DRIVER -DSTM32F070xB -I../../../../Inc -I../../../../../Drivers/STM32F0xx_HAL_Driver/Inc/Legacy -I../../../../../Drivers/CMSIS/Include -I../../../../../Drivers/CMSIS/Device/ST/STM32F0xx/Include -I../../../../../Drivers/STM32F0xx_HAL_Driver/Inc -I../../../../../Drivers/user_drivers/Inc -Os -ffunction-sections -fdata-sections -fstack-usage -Wall -specs=nano.specs -o Drivers\STM32F0xx_HAL_Driver\stm32f0xx_hal_gpio.o ..\..\..\..\..\Drivers\STM32F0xx_HAL_Driver\Src\stm32f0xx_hal_gpio.c 
arm-atollic-eabi-gcc -c -mthumb -mcpu=cortex-m0 -std=gnu11 -D__weak=__attribute__((weak)) -D__packed=__attribute__((__packed__)) -DUSE_HAL_DRIVER -DSTM32F070xB -I../../../../Inc -I../../../../../Drivers/STM32F0xx_HAL_Driver/Inc/Legacy -I../../../../../Drivers/CMSIS/Include -I../../../../../Drivers/CMSIS/Device/ST/STM32F0xx/Include -I../../../../../Drivers/STM32F0xx_HAL_Driver/Inc -I../../../../../Drivers/user_drivers/Inc -Os -ffunction-sections -fdata-sections -fstack-usage -Wall -specs=nano.specs -o Drivers\STM32F0xx_HAL_Driver\stm32f0xx_hal_dma.o ..\..\..\..\..\Drivers\STM32F0xx_HAL_Driver\Src\stm32f0xx_hal_dma.c 
arm-atollic-eabi-gcc -c -mthumb -mcpu=cortex-m0 -std=gnu11 -D__weak=__attribute__((weak)) -D__packed=__attribute__((__packed__)) -DUSE_HAL_DRIVER -DSTM32F070xB -I../../../../Inc -I../../../../../Drivers/STM32F0xx_HAL_Driver/Inc/Legacy -I../../../../../Drivers/CMSIS/Include -I../../../../../Drivers/CMSIS/Device/ST/STM32F0xx/Include -I../../../../../Drivers/STM32F0xx_HAL_Driver/Inc -I../../../../../Drivers/user_drivers/Inc -Os -ffunction-sections -fdata-sections -fstack-usage -Wall -specs=nano.specs -o Drivers\STM32F0xx_HAL_Driver\stm32f0xx_hal_rcc.o ..\..\..\..\..\Drivers\STM32F0xx_HAL_Driver\Src\stm32f0xx_hal_rcc.c 
arm-atollic-eabi-gcc -o Timer_Servo_Control.elf Application\TrueSTUDIO\led_driver.o Application\TrueSTUDIO\pwm_servo_driver.o Application\TrueSTUDIO\startup_stm32f070xb.o Application\TrueSTUDIO\syscalls.o Application\TrueSTUDIO\uart_driver.o Application\User\main.o Application\User\stm32f0xx_it.o Application\User\system_stm32f0xx.o Drivers\STM32F0xx_HAL_Driver\stm32f0xx_hal.o Drivers\STM32F0xx_HAL_Driver\stm32f0xx_hal_cortex.o Drivers\STM32F0xx_HAL_Driver\stm32f0xx_hal_dma.o Drivers\STM32F0xx_HAL_Driver\stm32f0xx_hal_flash.o Drivers\STM32F0xx_HAL_Driver\stm32f0xx_hal_flash_ex.o Drivers\STM32F0xx_HAL_Driver\stm32f0xx_hal_gpio.o Drivers\STM32F0xx_HAL_Driver\stm32f0xx_hal_i2c.o Drivers\STM32F0xx_HAL_Driver\stm32f0xx_hal_i2c_ex.o Drivers\STM32F0xx_HAL_Driver\stm32f0xx_hal_pwr.o Drivers\STM32F0xx_HAL_Driver\stm32f0xx_hal_pwr_ex.o Drivers\STM32F0xx_HAL_Driver\stm32f0xx_hal_rcc.o Drivers\STM32F0xx_HAL_Driver\stm32f0xx_hal_rcc_ex.o Drivers\STM32F0xx_HAL_Driver\stm32f0xx_hal_tim.o Drivers\STM32F0xx_HAL_Driver\stm32f0xx_hal_tim_ex.o Drivers\STM32F0xx_HAL_Driver\stm32f0xx_hal_uart.o Drivers\STM32F0xx_HAL_Driver\stm32f0xx_hal_uart_ex.o -mthumb -mcpu=cortex-m0 -T../STM32F070RB_FLASH.ld -specs=nosys.specs -static -Wl,-Map=Timer_Servo_Control.map -Wl,--gc-sections -Wl,--defsym=malloc_getpagesize_P=0x80 -Wl,--start-group -lc -lm -Wl,--end-group -specs=nano.specs 
C:\Program Files (x86)\Atollic\TrueSTUDIO for STM32 9.2.0\ide\jre\bin\java -jar C:\Program Files (x86)\Atollic\TrueSTUDIO for STM32 9.2.0\Tools\arm-atollic-reports.jar sizeinfo list Timer_Servo_Control.elf 
Generate build reports...
Print size information
   text	   data	    bss	    dec	    hex	filename
   5548	     12	   3836	   9396	   24b4	Timer_Servo_Control.elf
Print size information done
Generate listing file
Output sent to: Timer_Servo_Control.list
Generate listing file done
Generate build reports done
arm-atollic-eabi-objcopy.exe -O ihex Timer_Servo_Control.elf Timer_Servo_Control.hex 
Info: Parallel threads used: 8

14:21:24 Build Finished (took 2s.759ms)

