22:23:03 **** Incremental Build of configuration Debug for project UART_Driver_Sinus ****
Info: Internal Builder is used for build
arm-atollic-eabi-gcc -c -mthumb -mcpu=cortex-m0 -std=gnu11 -D__weak=__attribute__((weak)) -D__packed=__attribute__((__packed__)) -DUSE_HAL_DRIVER -DSTM32F070xB -I../../../../../Drivers/CMSIS/Device/ST/STM32F0xx/Include -I../../../../../Drivers/CMSIS/Include -I../../../../../Drivers/STM32F0xx_HAL_Driver/Inc -I../../../../../Drivers/STM32F0xx_HAL_Driver/Inc/Legacy -I../../../../Inc -I../../../../../Drivers/user_drivers/Inc -Os -ffunction-sections -fdata-sections -g -fstack-usage -Wall -o Application\User\uart_driver.o ..\..\..\..\..\Drivers\user_drivers\Src\uart_driver.c 
arm-atollic-eabi-gcc -c -mthumb -mcpu=cortex-m0 -std=gnu11 -D__weak=__attribute__((weak)) -D__packed=__attribute__((__packed__)) -DUSE_HAL_DRIVER -DSTM32F070xB -I../../../../../Drivers/CMSIS/Device/ST/STM32F0xx/Include -I../../../../../Drivers/CMSIS/Include -I../../../../../Drivers/STM32F0xx_HAL_Driver/Inc -I../../../../../Drivers/STM32F0xx_HAL_Driver/Inc/Legacy -I../../../../Inc -I../../../../../Drivers/user_drivers/Inc -Os -ffunction-sections -fdata-sections -g -fstack-usage -Wall -o Application\User\led_driver.o ..\..\..\..\..\Drivers\user_drivers\Src\led_driver.c 
arm-atollic-eabi-gcc -o UART_Driver_Sinus.elf Application\TrueSTUDIO\startup_stm32f070xb.o Application\TrueSTUDIO\syscalls.o Application\User\button_driver.o Application\User\led_driver.o Application\User\main.o Application\User\stm32f0xx_it.o Application\User\system_stm32f0xx.o Application\User\uart_driver.o Drivers\STM32F0xx_HAL_Driver\stm32f0xx_hal.o Drivers\STM32F0xx_HAL_Driver\stm32f0xx_hal_cortex.o Drivers\STM32F0xx_HAL_Driver\stm32f0xx_hal_dma.o Drivers\STM32F0xx_HAL_Driver\stm32f0xx_hal_flash.o Drivers\STM32F0xx_HAL_Driver\stm32f0xx_hal_flash_ex.o Drivers\STM32F0xx_HAL_Driver\stm32f0xx_hal_gpio.o Drivers\STM32F0xx_HAL_Driver\stm32f0xx_hal_i2c.o Drivers\STM32F0xx_HAL_Driver\stm32f0xx_hal_i2c_ex.o Drivers\STM32F0xx_HAL_Driver\stm32f0xx_hal_pwr.o Drivers\STM32F0xx_HAL_Driver\stm32f0xx_hal_pwr_ex.o Drivers\STM32F0xx_HAL_Driver\stm32f0xx_hal_rcc.o Drivers\STM32F0xx_HAL_Driver\stm32f0xx_hal_rcc_ex.o Drivers\STM32F0xx_HAL_Driver\stm32f0xx_hal_tim.o Drivers\STM32F0xx_HAL_Driver\stm32f0xx_hal_tim_ex.o Drivers\STM32F0xx_HAL_Driver\stm32f0xx_hal_uart.o Drivers\STM32F0xx_HAL_Driver\stm32f0xx_hal_uart_ex.o -mthumb -mcpu=cortex-m0 -T../STM32F070RB_FLASH.ld -specs=nosys.specs -static -Wl,-Map=UART_Driver_Sinus.map -Wl,--gc-sections -Wl,--defsym=malloc_getpagesize_P=0x80 -Wl,--start-group -lc -lm -Wl,--end-group 
C:\Program Files (x86)\Atollic\TrueSTUDIO for STM32 9.2.0\ide\jre\bin\java -jar C:\Program Files (x86)\Atollic\TrueSTUDIO for STM32 9.2.0\Tools\arm-atollic-reports.jar sizeinfo list UART_Driver_Sinus.elf 
Generate build reports...
Print size information
   text	   data	    bss	    dec	    hex	filename
  34236	   1660	   3816	  39712	   9b20	UART_Driver_Sinus.elf
Print size information done
Generate listing file
Output sent to: UART_Driver_Sinus.list
Generate listing file done
Generate build reports done
arm-atollic-eabi-objcopy.exe -O ihex UART_Driver_Sinus.elf UART_Driver_Sinus.hex 
Info: Parallel threads used: 2

22:23:04 Build Finished (took 1s.139ms)

